#-----------------------------------------------------------
# Vivado v2024.2 (64-bit)
# SW Build 5239630 on Fri Nov 08 22:34:34 MST 2024
# IP Build 5239520 on Sun Nov 10 16:12:51 MST 2024
# SharedData Build 5239561 on Fri Nov 08 14:39:27 MST 2024
# Start of session at: Fri Sep 26 00:21:53 2025
# Process ID         : 10019
# Current directory  : /home/Emi/Documentos/NotesVault/Facu/ArquitecturaDelComputador/prueba/prueba.runs/synth_1
# Command line       : vivado -log Prueba.vds -product Vivado -mode batch -messageDb vivado.pb -notrace -source Prueba.tcl
# Log file           : /home/Emi/Documentos/NotesVault/Facu/ArquitecturaDelComputador/prueba/prueba.runs/synth_1/Prueba.vds
# Journal file       : /home/Emi/Documentos/NotesVault/Facu/ArquitecturaDelComputador/prueba/prueba.runs/synth_1/vivado.jou
# Running On         : fedora
# Platform           : Fedora
# Operating System   : Fedora Linux 42 (KDE Plasma Desktop Edition)
# Processor Detail   : AMD Ryzen 7 7435HS
# CPU Frequency      : 2394.596 MHz
# CPU Physical cores : 8
# CPU Logical cores  : 16
# Host memory        : 33307 MB
# Swap memory        : 8589 MB
# Total Virtual      : 41897 MB
# Available Virtual  : 37538 MB
#-----------------------------------------------------------
source Prueba.tcl -notrace
